// Jest Snapshot v1, https://goo.gl/fbAQLP

exports[`Pruebas en <GifGridItem/> should show the component correctly  1`] = `
<div
  className="card animate__animated animate__bounce"
>
  <img />
  <p />
</div>
`;
